error: Uncaught (in promise) ConnectionRefused: No connection could be made because the target machine actively refused it. (os error 10061)
    at async Object.connect (ext:deno_net/01_net.js:587:55)
