cover file:///[WILDCARD]/final_blankline.ts ... 100.000% (3/3)
