[WILDCARD]error: Uncaught (in promise) PermissionDenied: Access to read "[WILDCARD]001_hello.js", run again with read permission
[WILDCARD]
