DANGER: TLS ceritificate validation is disabled for all domains
Hello
