[WILDCARD]
error: Remote modules are not allowed to import local modules.
  Importing: file:///c:/etc/passwd
    at http://localhost:4545/cli/tests/subdir/evil_remote_import.js:3:0
