[WILDCARD]error: Uncaught Error: ï¿½
throw new Error(new TextDecoder().decode(new Uint8Array([255])));
      ^
    at [WILDCARD]non_utf8_in_exception_msg.ts:1:7
