script_url2 [WILDCARD]tests/script_url.ts
script_url [WILDCARD]tests/script_url.ts
