Check file:///[WILDCARD]/test/parallel_output.ts
<?xml version="1.0" encoding="UTF-8"?>
<testsuites name="deno test" tests="9" failures="3" errors="0" time="[WILDCARD]">
    <testsuite name="file:///[WILDCARD]/test/parallel_output.ts" tests="9" disabled="0" errors="0" failures="3">
        <testcase name="step output &gt; step 1" time="[WILDCARD]" filename="[WILDCARD]/test/parallel_output.ts" line="1" col="6>
        </testcase>
        <testcase name="step output &gt; step 2" time="[WILDCARD]" filename="[WILDCARD]/test/parallel_output.ts" line="1" col="6>
        </testcase>
        <testcase name="step output &gt; step 3" time="[WILDCARD]" filename="[WILDCARD]/test/parallel_output.ts" line="1" col="6>
        </testcase>
        <testcase name="step output &gt; step 4" time="[WILDCARD]" filename="[WILDCARD]/test/parallel_output.ts" line="1" col="6>
        </testcase>
        <testcase name="step failures &gt; step 1" time="[WILDCARD]" filename="[WILDCARD]/test/parallel_output.ts" line="1" col="6>
        </testcase>
        <testcase name="step failures &gt; step 2" time="[WILDCARD]" filename="[WILDCARD]/test/parallel_output.ts" line="1" col="6>
            <failure message="[WILDCARD]">
            </failure>
        </testcase>
        <testcase name="step failures &gt; step 3" time="[WILDCARD]" filename="[WILDCARD]/test/parallel_output.ts" line="1" col="6>
            <failure message="[WILDCARD]">
            </failure>
        </testcase>
        <testcase name="step nested failure &gt; step 1 &gt; inner 1" time="[WILDCARD]" filename="[WILDCARD]/test/parallel_output.ts" line="1" col="6>
        </testcase>
        <testcase name="step nested failure &gt; step 1 &gt; inner 2" time="[WILDCARD]" filename="[WILDCARD]/test/parallel_output.ts" line="1" col="6>
            <failure message="[WILDCARD]">
            </failure>
        </testcase>
    </testsuite>
</testsuites>
error: Test failed
