[WILDCARD]
running 7 benches from [WILDCARD]
bench read ... FAILED [WILDCARD]
bench write ... FAILED [WILDCARD]
bench net ... FAILED [WILDCARD]
bench env ... FAILED [WILDCARD]
bench run ... FAILED [WILDCARD]
bench ffi ... FAILED [WILDCARD]
bench hrtime ... FAILED [WILDCARD]

failures:

read
PermissionDenied: Can't escalate parent thread permissions
[WILDCARD]

write
PermissionDenied: Can't escalate parent thread permissions
[WILDCARD]

net
PermissionDenied: Can't escalate parent thread permissions
[WILDCARD]

env
PermissionDenied: Can't escalate parent thread permissions
[WILDCARD]

run
PermissionDenied: Can't escalate parent thread permissions
[WILDCARD]

ffi
PermissionDenied: Can't escalate parent thread permissions
[WILDCARD]

hrtime
PermissionDenied: Can't escalate parent thread permissions
[WILDCARD]

failures:

	read
	write
	net
	env
	run
	ffi
	hrtime

bench result: FAILED. 0 passed; 7 failed; 0 ignored; 0 measured; 0 filtered out [WILDCARD]
