[WILDCARD]PermissionDenied: permission denied
    at DenoError (deno/js/errors.ts:19:5)
    at maybeError (deno/js/errors.ts:38:12)
    at maybeThrowError (deno/js/errors.ts:26:15)
    at sendSync (deno/js/dispatch.ts:67:5)
    at listen (deno/js/net.ts:147:19)[WILDCARD]
