┌─────────┬────────┐
│ (index) │ Values │
├─────────┼────────┤
│    0    │   0    │
│    1    │   1    │
│    2    │   2    │
│    3    │   3    │
│    4    │   4    │
└─────────┴────────┘
┌─────────┬─────────┐
│ (index) │ Values  │
├─────────┼─────────┤
│  name   │ "Jonh"  │
│ surname │  "Doe"  │
│   age   │  "32"   │
│   job   │ "Coder" │
└─────────┴─────────┘
