running 1 test from ./main.js
test ... ok (0ms)

ok | 1 passed | 0 failed (1ms)

