{
  "version": 1,
  "nodes": [
    {
      "kind": "variable",
      "name": "foo",
      "location": {
        "filename": "file:///[WILDCARD]/types.d.ts",
        "line": 2,
        "col": 13
      },
      "declarationKind": "export",
      "jsDoc": {
        "doc": "An exported value."
      },
      "variableDef": {
        "tsType": {
          "repr": "string",
          "kind": "keyword",
          "keyword": "string"
        },
        "kind": "const"
      }
    }
  ]
}