Check file:///Users/alexanderrodionmichaud/code/deno/cli/tests/testdata/test/junit.ts
<?xml version="1.0" encoding="UTF-8"?>
<testsuites name="deno test" tests="16" failures="0" errors="0" time="0.136">
    <testsuite name="file:///Users/alexanderrodionmichaud/code/deno/cli/tests/testdata/test/junit.ts" tests="16" disabled="0" errors="0" failures="0">
        <testcase name="test 0" time="0.007">
            <properties>
                <property name="filename" value="file:///Users/alexanderrodionmichaud/code/deno/cli/tests/testdata/test/junit.ts"/>
                <property name="line" value="1"/>
                <property name="col" value="6"/>
            </properties>
        </testcase>
        <testcase name="test 1" time="0.006">
            <properties>
                <property name="filename" value="file:///Users/alexanderrodionmichaud/code/deno/cli/tests/testdata/test/junit.ts"/>
                <property name="line" value="2"/>
                <property name="col" value="6"/>
            </properties>
        </testcase>
        <testcase name="test 2" time="0.006">
            <properties>
                <property name="filename" value="file:///Users/alexanderrodionmichaud/code/deno/cli/tests/testdata/test/junit.ts"/>
                <property name="line" value="3"/>
                <property name="col" value="6"/>
            </properties>
        </testcase>
        <testcase name="test 3" time="0.006">
            <properties>
                <property name="filename" value="file:///Users/alexanderrodionmichaud/code/deno/cli/tests/testdata/test/junit.ts"/>
                <property name="line" value="4"/>
                <property name="col" value="6"/>
            </properties>
        </testcase>
        <testcase name="test 4" time="0.006">
            <properties>
                <property name="filename" value="file:///Users/alexanderrodionmichaud/code/deno/cli/tests/testdata/test/junit.ts"/>
                <property name="line" value="5"/>
                <property name="col" value="6"/>
            </properties>
        </testcase>
        <testcase name="test 5" time="0.006">
            <properties>
                <property name="filename" value="file:///Users/alexanderrodionmichaud/code/deno/cli/tests/testdata/test/junit.ts"/>
                <property name="line" value="6"/>
                <property name="col" value="6"/>
            </properties>
        </testcase>
        <testcase name="test 6" time="0.006">
            <properties>
                <property name="filename" value="file:///Users/alexanderrodionmichaud/code/deno/cli/tests/testdata/test/junit.ts"/>
                <property name="line" value="7"/>
                <property name="col" value="6"/>
            </properties>
        </testcase>
        <testcase name="test 7" time="0.006">
            <properties>
                <property name="filename" value="file:///Users/alexanderrodionmichaud/code/deno/cli/tests/testdata/test/junit.ts"/>
                <property name="line" value="8"/>
                <property name="col" value="6"/>
            </properties>
        </testcase>
        <testcase name="test 8" time="0.006">
            <properties>
                <property name="filename" value="file:///Users/alexanderrodionmichaud/code/deno/cli/tests/testdata/test/junit.ts"/>
                <property name="line" value="9"/>
                <property name="col" value="6"/>
            </properties>
        </testcase>
        <testcase name="test 9" time="0.006">
            <properties>
                <property name="filename" value="file:///Users/alexanderrodionmichaud/code/deno/cli/tests/testdata/test/junit.ts"/>
                <property name="line" value="12"/>
                <property name="col" value="6"/>
            </properties>
        </testcase>
        <testcase name="test\b" time="0.006">
            <properties>
                <property name="filename" value="file:///Users/alexanderrodionmichaud/code/deno/cli/tests/testdata/test/junit.ts"/>
                <property name="line" value="16"/>
                <property name="col" value="6"/>
            </properties>
        </testcase>
        <testcase name="test\f" time="0.006">
            <properties>
                <property name="filename" value="file:///Users/alexanderrodionmichaud/code/deno/cli/tests/testdata/test/junit.ts"/>
                <property name="line" value="19"/>
                <property name="col" value="6"/>
            </properties>
        </testcase>
        <testcase name="test\t" time="0.006">
            <properties>
                <property name="filename" value="file:///Users/alexanderrodionmichaud/code/deno/cli/tests/testdata/test/junit.ts"/>
                <property name="line" value="23"/>
                <property name="col" value="6"/>
            </properties>
        </testcase>
        <testcase name="test\n" time="0.006">
            <properties>
                <property name="filename" value="file:///Users/alexanderrodionmichaud/code/deno/cli/tests/testdata/test/junit.ts"/>
                <property name="line" value="27"/>
                <property name="col" value="6"/>
            </properties>
        </testcase>
        <testcase name="test\r" time="0.006">
            <properties>
                <property name="filename" value="file:///Users/alexanderrodionmichaud/code/deno/cli/tests/testdata/test/junit.ts"/>
                <property name="line" value="31"/>
                <property name="col" value="6"/>
            </properties>
        </testcase>
        <testcase name="test\v" time="0.006">
            <properties>
                <property name="filename" value="file:///Users/alexanderrodionmichaud/code/deno/cli/tests/testdata/test/junit.ts"/>
                <property name="line" value="35"/>
                <property name="col" value="6"/>
            </properties>
        </testcase>
    </testsuite>
</testsuites>
