Check [WILDCARD]/test/only.ts
running 2 tests from [WILDCARD]/test/only.ts
test only ... ok ([WILDCARD])
test only ... ok ([WILDCARD])

test result: ok. 2 passed; 0 failed; 0 ignored; 0 measured; 2 filtered out ([WILDCARD])

error: Test failed because the "only" option was used
