[WILDCARD]package.json file found at '[WILDCARD]with_package_json[WILDCARD]package.json'
[WILDCARD]
ok
[Function (anonymous)] Chalk [WILDCARD]
