error: invalid value '[::1*]:1' for '--allow-net[=<IP_OR_HOSTNAME>...]': Bad host:port pair: [::1*]:1
[WILDCARD]
Caused by:
    Bad host:port pair: [::1*]:1
