Warning Parsing failed within the specified environment file: environment.env at index: 3 of the value: c:\path
Compile [WILDCARD]main.ts to out[WILDCARD]
