TypeError: [ERR_MODULE_NOT_FOUND] Cannot find module "[WILDCARd]foobar.js" imported from "[WILDCARD]dyn_import_reject.js"
ERR_MODULE_NOT_FOUND
