[WILDCARD][Class: Location]
Object [Location] {}
undefined
/bar
[WILDCARD]
