Object.getPrototypeOf:  { test: "test" }
__proto__:  { test: "test" }
