Check [WILDCARD]/test_complex.ts
Check [WILDCARD]/$deno$test.ts
running 1 tests
test complex ... ok ([WILDCARD])

test result: ok. 1 passed; 0 failed; 0 ignored; 0 measured; 0 filtered out ([WILDCARD])

cover [WILDCARD]/coverage/complex.ts ... 67.742% (21/31)
  40 | export function unused(
  41 |   foo: string,
  42 |   bar: string,
  43 |   baz: string,
-----|-----
  45 |   return complex(
  46 |     foo,
  47 |     bar,
  48 |     baz,
  49 |   );
  50 | }
