error: Uncaught TypeError: Cannot read property 'a' of undefined
    at file:///[WILDCARD]/error_018_hide_long_source_js.js:3:206
