{
  "denoDir": "[WILDCARD]",
  "modulesCache": "[WILDCARD]deps",
  "typescriptCache": "[WILDCARD]emit_cache_v1",
  "registryCache": "[WILDCARD]registries",
  "originStorage": "[WILDCARD]location_data[WILDCARD]",
  "localStorage": "[WILDCARD]location_data[WILDCARD]local_storage"
}
