[WILDCARD]
imported http://localhost:4545/jsx/ts_flat/jsx-runtime.ts
