[WILDCARD]
imported http://localhost:4545/jsx/jsx_base/jsx-runtime
