[
  {
    "code": "no-empty",
    "tags": [
      [WILDCARD]
    ],
    "docs": "[WILDCARD]"
  }
]
