no-empty

[WILDCARD]

Invalid:

[WILDCARD]

no-debugger

[WILDCARD]

Invalid:

[WILDCARD]

Valid:

[WILDCARD]
