const mod = [];
console.log(mod);
//# sourceMappingURL=data:application/json;base64,eyJ2ZXJzaW9uIjozLCJzb3VyY2VzIjpbIjxodHRwczovL2Rlbm8ubGFuZC94L2xpYi9tb2QuanM+IiwiPGZpbGU6Ly8vdGVzdHMvZml4dHVyZTE0LnRzPiJdLCJzb3VyY2VzQ29udGVudCI6WyJleHBvcnQgKiBhcyBhIGZyb20gXCIuL2EudHNcIjtcbmV4cG9ydCAqIGFzIGIgZnJvbSBcIi4vYi5qc1wiO1xuZXhwb3J0ICogYXMgYyBmcm9tIFwiLi9jLmpzXCI7XG5cbmV4cG9ydCBjb25zdCBtb2QgPSBbXTtcbiIsIi8vIEBkZW5vLXR5cGVzPVwiaHR0cHM6Ly9kZW5vLmxhbmQveC9saWIvbW9kLmQudHNcIlxuaW1wb3J0ICogYXMgbGliIGZyb20gXCJodHRwczovL2Rlbm8ubGFuZC94L2xpYi9tb2QuanNcIjtcblxuY29uc29sZS5sb2cobGliKTtcbiJdLCJuYW1lcyI6W10sIm1hcHBpbmdzIjoiTUFJYSxHQUFHO0FDRGhCLE9BQU8sQ0FBQyxHQUFHIn0=
