⚠️ Warning: `deno cache` is deprecated and will be removed in Deno 2.1.
Use `deno install` instead.
Download http://localhost:4545/subdir/mod2.ts
Download http://localhost:4545/subdir/mt_text_typescript.t1.ts
Download http://localhost:4545/subdir/print_hello.ts
Check [WILDCARD]/fetch_multiple/test.ts
Check [WILDCARD]/fetch_multiple/other.ts
